../Core/Src/ArduCAM.c:31:6:ArduCAM_Init	16	static
../Core/Src/ArduCAM.c:55:6:CS_HIGH	8	static
../Core/Src/ArduCAM.c:65:6:CS_LOW	8	static
../Core/Src/ArduCAM.c:75:6:set_format	16	static
../Core/Src/ArduCAM.c:86:9:bus_read	24	static
../Core/Src/ArduCAM.c:101:9:bus_write	16	static
../Core/Src/ArduCAM.c:117:9:read_reg	24	static
../Core/Src/ArduCAM.c:129:6:write_reg	16	static
../Core/Src/ArduCAM.c:139:9:read_fifo	16	static
../Core/Src/ArduCAM.c:151:6:set_fifo_burst	8	static
../Core/Src/ArduCAM.c:161:6:flush_fifo	8	static
../Core/Src/ArduCAM.c:171:6:start_capture	8	static
../Core/Src/ArduCAM.c:181:6:clear_fifo_flag	8	static
../Core/Src/ArduCAM.c:191:10:read_fifo_length	24	static
../Core/Src/ArduCAM.c:206:9:get_bit	24	static
../Core/Src/ArduCAM.c:219:6:OV2640_set_JPEG_size	8	static
../Core/Src/ArduCAM.c:231:6:wrSensorReg8_8	16	static
../Core/Src/ArduCAM.c:262:6:rdSensorReg8_8	16	static
../Core/Src/ArduCAM.c:297:5:wrSensorRegs8_8	32	static
