../Core/Src/main.c:49:6:delay_us	16	static
../Core/Src/main.c:55:5:main	8	static
../Core/Src/main.c:173:6:SystemClock_Config	72	static
../Core/Src/main.c:208:13:MX_SPI1_Init	8	static
../Core/Src/main.c:228:13:MX_TIM1_Init	32	static
../Core/Src/main.c:262:13:MX_USART1_UART_Init	8	static
../Core/Src/main.c:286:13:MX_USART2_UART_Init	8	static
../Core/Src/main.c:308:13:MX_DMA_Init	16	static
../Core/Src/main.c:329:13:MX_GPIO_Init	40	static
../Core/Src/main.c:361:6:Error_Handler	4	static,ignoring_inline_asm
